// Vitest Snapshot v1, https://vitest.dev/guide/snapshot.html

exports[`expect yaml import to be a json object 1`] = `
"var data = {
  "pluginDir": "./plugins",
  "web": {
    "enabled": true
  },
  "logging": {
    "type": "stdout",
    "level": "info"
  }
};

console.log(data);
"
`;

exports[`expect yaml import to be a string 1`] = `
"var config = "pluginDir: ./plugins\\n\\nweb:\\n  enabled: true\\n\\nlogging:\\n  type: stdout\\n  level: info\\n";

console.log(config);
"
`;

exports[`expect yml import to be a json object 1`] = `
"var data = {
  "pluginDir": "./plugins",
  "web": {
    "enabled": true
  },
  "logging": {
    "type": "stdout",
    "level": "info"
  }
};

console.log(data);
"
`;

exports[`expect yml import to be a string 1`] = `
"var config = "pluginDir: ./plugins\\n\\nweb:\\n  enabled: true\\n\\nlogging:\\n  type: stdout\\n  level: info\\n";

console.log(config);
"
`;
