// Vitest Snapshot v1, https://vitest.dev/guide/snapshot.html

exports[`expect yaml import to be a json object 1`] = `"(()=>{"use strict";var r={},e={};function n(t){var o=e[t];if(void 0!==o)return o.exports;var i=e[t]={exports:{}};return r[t](i,i.exports,n),i.exports}n.rv=function(){return"1.0.0-alpha.5"},n.ruid="bundler=rspack@1.0.0-alpha.5";console.log({pluginDir:"./plugins",web:{enabled:!0},logging:{type:"stdout",level:"info"}})})();"`;

exports[`expect yaml import to be a string 1`] = `"(()=>{"use strict";var n={},r={};function e(t){var o=r[t];if(void 0!==o)return o.exports;var u=r[t]={exports:{}};return n[t](u,u.exports,e),u.exports}e.rv=function(){return"1.0.0-alpha.5"},e.ruid="bundler=rspack@1.0.0-alpha.5";console.log("pluginDir: ./plugins\\n\\nweb:\\n  enabled: true\\n\\nlogging:\\n  type: stdout\\n  level: info\\n")})();"`;

exports[`expect yml import to be a json object 1`] = `"(()=>{"use strict";var r={},e={};function n(t){var o=e[t];if(void 0!==o)return o.exports;var i=e[t]={exports:{}};return r[t](i,i.exports,n),i.exports}n.rv=function(){return"1.0.0-alpha.5"},n.ruid="bundler=rspack@1.0.0-alpha.5";console.log({pluginDir:"./plugins",web:{enabled:!0},logging:{type:"stdout",level:"info"}})})();"`;

exports[`expect yml import to be a string 1`] = `"(()=>{"use strict";var n={},r={};function e(t){var o=r[t];if(void 0!==o)return o.exports;var u=r[t]={exports:{}};return n[t](u,u.exports,e),u.exports}e.rv=function(){return"1.0.0-alpha.5"},e.ruid="bundler=rspack@1.0.0-alpha.5";console.log("pluginDir: ./plugins\\n\\nweb:\\n  enabled: true\\n\\nlogging:\\n  type: stdout\\n  level: info\\n")})();"`;
