// Vitest Snapshot v1, https://vitest.dev/guide/snapshot.html

exports[`expect yaml import to be a json object 1`] = `"(()=>{"use strict";console.log({pluginDir:"./plugins",web:{enabled:!0},logging:{type:"stdout",level:"info"}})})();"`;

exports[`expect yaml import to be a string 1`] = `"(()=>{"use strict";console.log("pluginDir: ./plugins\\n\\nweb:\\n  enabled: true\\n\\nlogging:\\n  type: stdout\\n  level: info\\n")})();"`;

exports[`expect yml import to be a json object 1`] = `"(()=>{"use strict";console.log({pluginDir:"./plugins",web:{enabled:!0},logging:{type:"stdout",level:"info"}})})();"`;

exports[`expect yml import to be a string 1`] = `"(()=>{"use strict";console.log("pluginDir: ./plugins\\n\\nweb:\\n  enabled: true\\n\\nlogging:\\n  type: stdout\\n  level: info\\n")})();"`;
